// Jest Snapshot v1, https://goo.gl/fbAQLP

exports[`Renders correctly 1`] = `
<div
  aria-hidden="true"
  class="MuiBackdrop-root MuiBackdrop-invisible"
  style="opacity:0;color:#5c5585"
>
  <div
    class="MuiCircularProgress-root MuiCircularProgress-indeterminate"
    hidden=""
    role="progressbar"
    style="width:40px;height:40px"
  >
    <svg
      class="MuiCircularProgress-svg"
      viewBox="22 22 44 44"
    >
      <circle
        class="MuiCircularProgress-circle MuiCircularProgress-circleIndeterminate"
        cx="44"
        cy="44"
        fill="none"
        r="20.2"
        stroke-width="3.6"
      />
    </svg>
  </div>
</div>
`;
