// Jest Snapshot v1, https://goo.gl/fbAQLP

exports[`Renders correctly 1`] = `
<div
  class="MuiPaper-root MuiCard-root makeStyles-root-1 MuiPaper-elevation1 MuiPaper-rounded"
>
  <div
    class="MuiCardContent-root"
  >
    <div
      class="MuiGrid-root MuiGrid-container MuiGrid-spacing-xs-2"
    >
      <div
        class="MuiGrid-root MuiGrid-item MuiGrid-grid-xs-12"
      >
        <div />
      </div>
      <div
        class="MuiGrid-root MuiGrid-item MuiGrid-grid-xs-12"
      >
        <a
          class="MuiTypography-root MuiLink-root MuiLink-underlineNone MuiTypography-colorPrimary"
          href="#/RouteDetails/undefined"
        >
          <h2
            class="MuiTypography-root MuiTypography-h5"
          >
            Route1
          </h2>
        </a>
      </div>
      <div
        class="MuiGrid-root MuiGrid-item MuiGrid-grid-xs-12 MuiGrid-grid-sm-5"
      >
        <p
          class="MuiTypography-root makeStyles-pos-2 MuiTypography-body1 MuiTypography-colorTextSecondary"
        >
          12/3/2020
        </p>
      </div>
      <div
        class="MuiGrid-root MuiGrid-item MuiGrid-grid-xs-12 MuiGrid-grid-sm-5"
      >
        <p
          class="MuiTypography-root makeStyles-pos-2 MuiTypography-body1 MuiTypography-colorTextSecondary"
        >
          3.63km
        </p>
      </div>
      <a
        aria-disabled="false"
        class="MuiButtonBase-root MuiButton-root MuiButton-outlined MuiButton-colorInherit"
        href="#/RouteDetails/undefined"
        style="margin-left:auto;margin-right:auto"
        tabindex="0"
      >
        <span
          class="MuiButton-label"
        >
          Details
        </span>
      </a>
    </div>
  </div>
</div>
`;
