// Jest Snapshot v1, https://goo.gl/fbAQLP

exports[`Renders correctly 1`] = `
<div>
  <a
    aria-disabled="false"
    aria-label="back"
    class="MuiButtonBase-root MuiFab-root makeStyles-backBtn-15 MuiFab-sizeSmall"
    href="#/dashboard"
    tabindex="0"
    title="Back"
  >
    <span
      class="MuiFab-label"
    >
      <svg
        aria-hidden="true"
        class="MuiSvgIcon-root"
        focusable="false"
        viewBox="0 0 24 24"
      >
        <path
          d="M20 11H7.83l5.59-5.59L12 4l-8 8 8 8 1.41-1.41L7.83 13H20v-2z"
        />
      </svg>
    </span>
  </a>
  <div
    class="MuiGrid-root makeStyles-root-1 MuiGrid-container MuiGrid-spacing-xs-3"
  >
    <div
      class="MuiGrid-root MuiGrid-item MuiGrid-grid-xs-true MuiGrid-grid-sm-6"
    >
      <div
        class="MuiGrid-root makeStyles-title-8 MuiGrid-item"
      >
        <div
          class="MuiBox-root MuiBox-root-153"
        >
          Route1
        </div>
        <h6
          class="MuiTypography-root MuiTypography-h6 MuiTypography-colorTextSecondary"
        >
          by you
        </h6>
      </div>
      <div
        class="MuiGrid-root MuiGrid-item"
      >
        <div
          class="MuiGrid-root makeStyles-mapTitle-3 MuiGrid-container MuiGrid-item"
        >
          <img
            alt="Map logo"
            class="makeStyles-maplogo-2"
            src="map.svg"
          />
          <div
            class="MuiBox-root MuiBox-root-184"
          >
            Map
          </div>
        </div>
        <div
          class="MuiPaper-root MuiCard-root makeStyles-map-4 MuiPaper-outlined MuiPaper-rounded"
        >
          <div
            id="mapdetails"
          />
        </div>
      </div>
      <div
        class="MuiGrid-root MuiGrid-item"
      >
        <div
          class="MuiGrid-root makeStyles-elevationTitle-7 MuiGrid-container MuiGrid-item"
        >
          <img
            alt="Elevation logo"
            class="makeStyles-elevationlogo-6"
            src="mountain.svg"
          />
          <div
            class="MuiBox-root MuiBox-root-214"
          >
            Elevation
          </div>
        </div>
        <div
          class="MuiGrid-root makeStyles-chart-5 MuiGrid-item"
        >
          <canvas
            height="100"
            width="300"
          />
        </div>
      </div>
    </div>
    <div
      class="MuiGrid-root MuiGrid-item MuiGrid-grid-xs-true MuiGrid-grid-sm-4"
    >
      <div
        class="MuiGrid-root MuiGrid-item"
      >
        <div
          class="MuiGrid-root makeStyles-carouselTitle-10 MuiGrid-container MuiGrid-item"
        >
          <img
            alt="Camera logo"
            class="makeStyles-cameralogo-9"
            src="camera.svg"
          />
          <div
            class="MuiBox-root MuiBox-root-215"
          >
            Gallery
          </div>
        </div>
        <div
          class="MuiPaper-root MuiCard-root makeStyles-carousel-11 MuiPaper-rounded"
        >
          <div
            class="awssld awssld--organic-arrows"
          >
            <div
              class="awssld__wrapper"
            >
              <div
                class="awssld__container"
              >
                <div
                  class="awssld__box"
                >
                  <div
                    class="awssld__content"
                  >
                    <img
                      src="city_1.jpg"
                    />
                  </div>
                </div>
                <div
                  class="awssld__box"
                />
              </div>
              <div
                class="awssld__controls awssld__controls--hidden"
              >
                <button
                  aria-label="next"
                  class="awssld__next"
                >
                  <span
                    class="awssld__controls__arrow-right"
                  />
                </button>
                <button
                  aria-label="previous"
                  class="awssld__prev"
                >
                  <span
                    class="awssld__controls__arrow-left"
                  />
                </button>
              </div>
            </div>
            <nav
              class="awssld__bullets"
            >
              <button
                class="awssld__bullets--active"
                data-index="0"
              >
                0
              </button>
              <button
                data-index="1"
              >
                1
              </button>
            </nav>
          </div>
        </div>
      </div>
      <div
        class="MuiGrid-root MuiGrid-item"
      >
        <div
          class="MuiGrid-root makeStyles-dataTitle-14 MuiGrid-container MuiGrid-item"
        >
          <img
            alt="Map logo"
            class="makeStyles-datalogo-13"
            src="arrows.svg"
          />
          <div
            class="MuiBox-root MuiBox-root-216"
          >
            Info
          </div>
        </div>
        <div
          class="MuiPaper-root MuiCard-root makeStyles-data-12 MuiPaper-outlined MuiPaper-rounded"
        >
          <div
            class="MuiCardContent-root"
          >
            <div
              class="MuiGrid-root MuiGrid-container MuiGrid-spacing-xs-3"
            >
              <div
                class="MuiGrid-root MuiGrid-container MuiGrid-spacing-xs-3 MuiGrid-item"
              >
                <div
                  class="MuiGrid-root MuiGrid-item"
                >
                  <div
                    class="MuiBox-root MuiBox-root-218"
                  >
                    Date
                  </div>
                  <div
                    class="MuiBox-root MuiBox-root-219"
                  >
                    --
                  </div>
                </div>
                <div
                  class="MuiGrid-root MuiGrid-item"
                >
                  <div
                    class="MuiBox-root MuiBox-root-220"
                  >
                    Distance
                  </div>
                  <div
                    class="MuiBox-root MuiBox-root-221"
                  >
                    111194
                  </div>
                </div>
              </div>
              <div
                class="MuiGrid-root MuiGrid-item"
              >
                <div
                  class="MuiGrid-root MuiGrid-item"
                >
                  <div
                    class="MuiBox-root MuiBox-root-222"
                  >
                    Description
                  </div>
                  <div
                    class="MuiBox-root MuiBox-root-223"
                  >
                    Description 1
                  </div>
                </div>
              </div>
            </div>
          </div>
        </div>
      </div>
    </div>
  </div>
</div>
`;

exports[`Renders null 1`] = `null`;
