// Jest Snapshot v1, https://goo.gl/fbAQLP

exports[`Renders correctly 1`] = `
<div>
  <div
    class="MuiGrid-root makeStyles-root-1 MuiGrid-container"
    id="footer"
  >
    <h3
      class="MuiTypography-root MuiTypography-h3 MuiTypography-colorSecondary"
    >
      Footer
    </h3>
  </div>
</div>
`;
