// Jest Snapshot v1, https://goo.gl/fbAQLP

exports[`Renders correctly 1`] = `
<div>
  <main
    class="MuiGrid-root makeStyles-root-1 MuiGrid-container"
  >
    <div
      class="MuiGrid-root makeStyles-image-2 MuiGrid-item MuiGrid-grid-sm-12 MuiGrid-grid-md-12"
    >
      <div
        class="MuiGrid-root MuiGrid-container"
      >
        <div
          class="MuiGrid-root MuiGrid-item MuiGrid-grid-sm-12 MuiGrid-grid-md-12"
        >
          <p
            class="MuiTypography-root makeStyles-text-3 MuiTypography-body1"
          >
            Your routes,
          </p>
        </div>
        <div
          class="MuiGrid-root MuiGrid-item MuiGrid-grid-sm-12 MuiGrid-grid-md-12"
        >
          <p
            class="MuiTypography-root makeStyles-text2-4 MuiTypography-body1"
          >
            your rules.
          </p>
        </div>
      </div>
    </div>
  </main>
</div>
`;
