// Jest Snapshot v1, https://goo.gl/fbAQLP

exports[`Renders correctly 1`] = `
<div
  class="MuiGrid-root MuiGrid-container"
>
  <div
    class="MuiGrid-root MuiGrid-item MuiGrid-grid-xs-12 MuiGrid-grid-sm-2"
  >
    <svg
      aria-hidden="true"
      class="MuiSvgIcon-root MuiSvgIcon-fontSizeLarge"
      focusable="false"
      style="fill:#94E8B4;width:65px;height:65px"
      viewBox="0 0 24 24"
    >
      <path
        d="M13.5 5.5c1.1 0 2-.9 2-2s-.9-2-2-2-2 .9-2 2 .9 2 2 2zM9.8 8.9L7 23h2.1l1.8-8 2.1 2v6h2v-7.5l-2.1-2 .6-3C14.8 12 16.8 13 19 13v-2c-1.9 0-3.5-1-4.3-2.4l-1-1.6c-.4-.6-1-1-1.7-1-.3 0-.5.1-.8.1L6 8.3V13h2V9.6l1.8-.7"
      />
    </svg>
  </div>
  <div
    class="MuiGrid-root"
  >
    <div
      class="MuiGrid-root MuiGrid-item MuiGrid-grid-xs-12 MuiGrid-grid-sm-6"
    >
      <h5
        class="MuiTypography-root MuiTypography-h5 MuiTypography-gutterBottom"
      >
        Route created
      </h5>
    </div>
    <div
      class="MuiGrid-root MuiGrid-item MuiGrid-grid-xs-12"
    >
      <h6
        class="MuiTypography-root MuiTypography-subtitle1"
      >
        Don't worry, we are saving your brand new track
      </h6>
    </div>
  </div>
  <button
    class="MuiButtonBase-root MuiIconButton-root MuiIconButton-colorPrimary"
    style="margin-left:auto"
    tabindex="0"
    title="Download"
    type="button"
    variant="contained"
  >
    <span
      class="MuiIconButton-label"
    >
      <svg
        aria-hidden="true"
        class="MuiSvgIcon-root MuiSvgIcon-fontSizeLarge"
        focusable="false"
        style="fill:#5c5585"
        viewBox="0 0 24 24"
      >
        <path
          d="M19 9h-4V3H9v6H5l7 7 7-7zM5 18v2h14v-2H5z"
        />
      </svg>
    </span>
  </button>
</div>
`;
