// Jest Snapshot v1, https://goo.gl/fbAQLP

exports[`Renders Correct 1`] = `
<div
  style="margin-left:5vh;margin-top:5vh;text-align:center"
>
  <img
    alt="404 logo"
    src="404.svg"
  />
  <div
    class="MuiBox-root MuiBox-root-2"
  >
    Go back to 
    <a
      class="MuiTypography-root MuiLink-root MuiLink-underlineHover MuiTypography-colorPrimary"
      href="#/"
      style="color:#27DEBF"
    >
      Home
    </a>
  </div>
</div>
`;
