// Jest Snapshot v1, https://goo.gl/fbAQLP

exports[`Renders correctly 1`] = `
<div>
  <h6
    class="MuiTypography-root MuiTypography-h6 MuiTypography-gutterBottom"
  >
    Please, review all the data
  </h6>
  <div
    class="MuiGrid-root MuiGrid-container MuiGrid-spacing-xs-3"
  >
    <div
      class="MuiGrid-root MuiGrid-item MuiGrid-grid-xs-12 MuiGrid-grid-sm-6"
      style="margin-top:16px"
    >
      <div
        class="MuiFormControl-root MuiTextField-root MuiFormControl-fullWidth"
      >
        <label
          class="MuiFormLabel-root MuiInputLabel-root MuiInputLabel-formControl MuiInputLabel-animated MuiInputLabel-filled Mui-disabled Mui-disabled"
          data-shrink="false"
          for="name"
          id="name-label"
        >
          Name
        </label>
        <div
          class="MuiInputBase-root MuiFilledInput-root MuiFilledInput-underline Mui-disabled Mui-disabled MuiInputBase-fullWidth MuiInputBase-formControl"
        >
          <input
            aria-invalid="false"
            class="MuiInputBase-input MuiFilledInput-input Mui-disabled Mui-disabled"
            disabled=""
            id="name"
            name="name"
            type="text"
            value=""
          />
        </div>
      </div>
    </div>
    <div
      class="MuiGrid-root MuiGrid-item MuiGrid-grid-xs-12 MuiGrid-grid-sm-6"
      style="margin-top:16px"
    >
      <div
        class="MuiFormControl-root MuiTextField-root MuiFormControl-fullWidth"
      >
        <label
          class="MuiFormLabel-root MuiInputLabel-root MuiInputLabel-formControl MuiInputLabel-animated MuiInputLabel-shrink MuiInputLabel-filled Mui-disabled Mui-disabled MuiFormLabel-filled"
          data-shrink="true"
          for="date"
          id="date-label"
        >
          Date
        </label>
        <div
          class="MuiInputBase-root MuiFilledInput-root MuiFilledInput-underline Mui-disabled Mui-disabled MuiInputBase-fullWidth MuiInputBase-formControl"
        >
          <input
            aria-invalid="false"
            class="MuiInputBase-input MuiFilledInput-input Mui-disabled Mui-disabled"
            disabled=""
            id="date"
            name="date"
            type="text"
            value="4/29/2020"
          />
        </div>
      </div>
    </div>
    <div
      class="MuiGrid-root MuiGrid-item MuiGrid-grid-xs-12"
    >
      <div
        class="MuiFormControl-root MuiTextField-root MuiFormControl-fullWidth"
      >
        <label
          class="MuiFormLabel-root MuiInputLabel-root MuiInputLabel-formControl MuiInputLabel-animated MuiInputLabel-filled Mui-disabled Mui-disabled"
          data-shrink="false"
          for="description"
          id="description-label"
        >
          Description
        </label>
        <div
          class="MuiInputBase-root MuiFilledInput-root MuiFilledInput-underline Mui-disabled Mui-disabled MuiInputBase-fullWidth MuiInputBase-formControl MuiInputBase-multiline MuiFilledInput-multiline"
        >
          <textarea
            aria-invalid="false"
            class="MuiInputBase-input MuiFilledInput-input Mui-disabled Mui-disabled MuiInputBase-inputMultiline MuiFilledInput-inputMultiline"
            disabled=""
            id="description"
            name="description"
            rows="4"
          />
        </div>
      </div>
    </div>
    <div
      class="MuiGrid-root MuiGrid-item MuiGrid-grid-xs-12"
    >
      <div
        class="MuiFormControl-root MuiTextField-root MuiFormControl-fullWidth"
      >
        <label
          class="MuiFormLabel-root MuiInputLabel-root MuiInputLabel-formControl MuiInputLabel-animated MuiInputLabel-filled Mui-disabled Mui-disabled"
          data-shrink="false"
          for="mapPoint"
          id="mapPoint-label"
        >
          Track Points
        </label>
        <div
          class="MuiInputBase-root MuiFilledInput-root MuiFilledInput-underline Mui-disabled Mui-disabled MuiInputBase-fullWidth MuiInputBase-formControl MuiInputBase-multiline MuiFilledInput-multiline"
        >
          <textarea
            aria-invalid="false"
            class="MuiInputBase-input MuiFilledInput-input Mui-disabled Mui-disabled MuiInputBase-inputMultiline MuiFilledInput-inputMultiline"
            disabled=""
            id="mapPoint"
            name="mapPoint"
            rows="4"
          />
        </div>
      </div>
    </div>
  </div>
  <div
    class="MuiGrid-root MuiGrid-container MuiGrid-spacing-xs-3"
    style="margin-top:12px"
  >
    <button
      class="MuiButtonBase-root MuiButton-root MuiButton-contained"
      style="margin-top:12px;margin-left:1vh"
      tabindex="0"
      type="button"
    >
      <span
        class="MuiButton-label"
      >
        Back
      </span>
    </button>
    <button
      class="MuiButtonBase-root MuiButton-root MuiButton-contained MuiButton-containedPrimary"
      id="btn-next"
      style="margin-top:12px;margin-left:auto"
      tabindex="0"
      type="button"
    >
      <span
        class="MuiButton-label"
      >
        Next
      </span>
    </button>
  </div>
</div>
`;
